[    0.000000] Initializing cgroup subsys cpuset
[    0.000000] Initializing cgroup subsys cpu
[    0.000000] Initializing cgroup subsys cpuacct
[    0.000000] Linux version 4.4.0-198-generic (buildd@lgw01-amd64-051) (gcc version 5.4.0 20160609 (Ubuntu 5.4.0-6ubuntu1~16.04.12) ) #230-Ubuntu SMP Sat Nov 28 01:30:29 UTC 2020 (Ubuntu 4.4.0-198.230-generic 4.4.244)
[    0.000000] Command line: BOOT_IMAGE=/boot/vmlinuz-4.4.0-198-generic root=LABEL=cloudimg-rootfs ro console=tty1 console=ttyS0
[    0.000000] KERNEL supported cpus:
[    0.000000]   Intel GenuineIntel
[    0.000000]   AMD AuthenticAMD
[    0.000000]   Centaur CentaurHauls
[    0.000000] x86/fpu: xstate_offset[2]:  576, xstate_sizes[2]:  256
[    0.000000] x86/fpu: Supporting XSAVE feature 0x01: 'x87 floating point registers'
[    0.000000] x86/fpu: Supporting XSAVE feature 0x02: 'SSE registers'
[    0.000000] x86/fpu: Supporting XSAVE feature 0x04: 'AVX registers'
[    0.000000] x86/fpu: Enabled xstate features 0x7, context size is 832 bytes, using 'standard' format.
[    0.000000] e820: BIOS-provided physical RAM map:
[    0.000000] BIOS-e820: [mem 0x0000000000000000-0x000000000009fbff] usable
[    0.000000] BIOS-e820: [mem 0x000000000009fc00-0x000000000009ffff] reserved
[    0.000000] BIOS-e820: [mem 0x00000000000f0000-0x00000000000fffff] reserved
[    0.000000] BIOS-e820: [mem 0x0000000000100000-0x000000003ffeffff] usable
[    0.000000] BIOS-e820: [mem 0x000000003fff0000-0x000000003fffffff] ACPI data
[    0.000000] BIOS-e820: [mem 0x00000000fec00000-0x00000000fec00fff] reserved
[    0.000000] BIOS-e820: [mem 0x00000000fee00000-0x00000000fee00fff] reserved
[    0.000000] BIOS-e820: [mem 0x00000000fffc0000-0x00000000ffffffff] reserved
[    0.000000] NX (Execute Disable) protection: active
[    0.000000] SMBIOS 2.5 present.
[    0.000000] Hypervisor detected: KVM
[    0.000000] e820: last_pfn = 0x3fff0 max_arch_pfn = 0x400000000
[    0.000000] MTRR: Disabled
[    0.000000] x86/PAT: MTRRs disabled, skipping PAT initialization too.
[    0.000000] CPU MTRRs all blank - virtualized system.
[    0.000000] x86/PAT: Configuration [0-7]: WB  WT  UC- UC  WB  WT  UC- UC  
[    0.000000] found SMP MP-table at [mem 0x0009fff0-0x0009ffff] mapped at [ffff88000009fff0]
[    0.000000] Scanning 1 areas for low memory corruption
[    0.000000] RAMDISK: [mem 0x362de000-0x37166fff]
[    0.000000] ACPI: Early table checksum verification disabled
[    0.000000] ACPI: RSDP 0x00000000000E0000 000024 (v02 VBOX  )
[    0.000000] ACPI: XSDT 0x000000003FFF0030 00003C (v01 VBOX   VBOXXSDT 00000001 ASL  00000061)
[    0.000000] ACPI: FACP 0x000000003FFF00F0 0000F4 (v04 VBOX   VBOXFACP 00000001 ASL  00000061)
[    0.000000] ACPI: DSDT 0x000000003FFF0470 002325 (v02 VBOX   VBOXBIOS 00000002 INTL 20100528)
[    0.000000] ACPI: FACS 0x000000003FFF0200 000040
[    0.000000] ACPI: FACS 0x000000003FFF0200 000040
[    0.000000] ACPI: APIC 0x000000003FFF0240 00005C (v02 VBOX   VBOXAPIC 00000001 ASL  00000061)
[    0.000000] ACPI: SSDT 0x000000003FFF02A0 0001CC (v01 VBOX   VBOXCPUT 00000002 INTL 20100528)
[    0.000000] No NUMA configuration found
[    0.000000] Faking a node at [mem 0x0000000000000000-0x000000003ffeffff]
[    0.000000] NODE_DATA(0) allocated [mem 0x3ffeb000-0x3ffeffff]
[    0.000000] kvm-clock: Using msrs 4b564d01 and 4b564d00
[    0.000000] kvm-clock: cpu 0, msr 0:3ffe3001, primary cpu clock
[    0.000000] kvm-clock: using sched offset of 6225107038 cycles
[    0.000000] clocksource: kvm-clock: mask: 0xffffffffffffffff max_cycles: 0x1cd42e4dffb, max_idle_ns: 881590591483 ns
[    0.000000] Zone ranges:
[    0.000000]   DMA      [mem 0x0000000000001000-0x0000000000ffffff]
[    0.000000]   DMA32    [mem 0x0000000001000000-0x000000003ffeffff]
[    0.000000]   Normal   empty
[    0.000000]   Device   empty
[    0.000000] Movable zone start for each node
[    0.000000] Early memory node ranges
[    0.000000]   node   0: [mem 0x0000000000001000-0x000000000009efff]
[    0.000000]   node   0: [mem 0x0000000000100000-0x000000003ffeffff]
[    0.000000] Initmem setup node 0 [mem 0x0000000000001000-0x000000003ffeffff]
[    0.000000] ACPI: PM-Timer IO Port: 0x4008
[    0.000000] IOAPIC[0]: apic_id 2, version 32, address 0xfec00000, GSI 0-23
[    0.000000] ACPI: INT_SRC_OVR (bus 0 bus_irq 0 global_irq 2 dfl dfl)
[    0.000000] ACPI: INT_SRC_OVR (bus 0 bus_irq 9 global_irq 9 low level)
[    0.000000] Using ACPI (MADT) for SMP configuration information
[    0.000000] smpboot: Allowing 2 CPUs, 0 hotplug CPUs
[    0.000000] PM: Registered nosave memory: [mem 0x00000000-0x00000fff]
[    0.000000] PM: Registered nosave memory: [mem 0x0009f000-0x0009ffff]
[    0.000000] PM: Registered nosave memory: [mem 0x000a0000-0x000effff]
[    0.000000] PM: Registered nosave memory: [mem 0x000f0000-0x000fffff]
[    0.000000] e820: [mem 0x40000000-0xfebfffff] available for PCI devices
[    0.000000] Booting paravirtualized kernel on KVM
[    0.000000] clocksource: refined-jiffies: mask: 0xffffffff max_cycles: 0xffffffff, max_idle_ns: 7645519600211568 ns
[    0.000000] setup_percpu: NR_CPUS:512 nr_cpumask_bits:512 nr_cpu_ids:2 nr_node_ids:1
[    0.000000] PERCPU: Embedded 33 pages/cpu @ffff88003fc00000 s95640 r8192 d31336 u1048576
[    0.000000] Built 1 zonelists in Node order, mobility grouping on.  Total pages: 257912
[    0.000000] Policy zone: DMA32
[    0.000000] Kernel command line: BOOT_IMAGE=/boot/vmlinuz-4.4.0-198-generic root=LABEL=cloudimg-rootfs ro console=tty1 console=ttyS0
[    0.000000] PID hash table entries: 4096 (order: 3, 32768 bytes)
[    0.000000] Memory: 997660K/1048120K available (8641K kernel code, 1337K rwdata, 4044K rodata, 1492K init, 1296K bss, 50460K reserved, 0K cma-reserved)
[    0.000000] SLUB: HWalign=64, Order=0-3, MinObjects=0, CPUs=2, Nodes=1
[    0.000000] Kernel/User page tables isolation: enabled
[    0.000000] Hierarchical RCU implementation.
[    0.000000] 	Build-time adjustment of leaf fanout to 64.
[    0.000000] 	RCU restricting CPUs from NR_CPUS=512 to nr_cpu_ids=2.
[    0.000000] RCU: Adjusting geometry for rcu_fanout_leaf=64, nr_cpu_ids=2
[    0.000000] NR_IRQS:33024 nr_irqs:440 16
[    0.000000] Console: colour VGA+ 80x25
[    0.000000] console [tty1] enabled
[    0.000000] console [ttyS0] enabled
[    0.000000] tsc: Detected 2712.002 MHz processor
[    0.251472] Calibrating delay loop (skipped) preset value.. 5424.00 BogoMIPS (lpj=10848008)
[    0.254012] pid_max: default: 32768 minimum: 301
[    0.255988] ACPI: Core revision 20150930
[    0.262244] ACPI: 2 ACPI AML tables successfully acquired and loaded
[    0.265400] Security Framework initialized
[    0.267000] Yama: becoming mindful.
[    0.268262] AppArmor: AppArmor initialized
[    0.269835] Dentry cache hash table entries: 131072 (order: 8, 1048576 bytes)
[    0.277532] Inode-cache hash table entries: 65536 (order: 7, 524288 bytes)
[    0.280306] Mount-cache hash table entries: 2048 (order: 2, 16384 bytes)
[    0.282836] Mountpoint-cache hash table entries: 2048 (order: 2, 16384 bytes)
[    0.285466] Initializing cgroup subsys io
[    0.287244] Initializing cgroup subsys memory
[    0.290438] Initializing cgroup subsys devices
[    0.292280] Initializing cgroup subsys freezer
[    0.294149] Initializing cgroup subsys net_cls
[    0.296063] Initializing cgroup subsys perf_event
[    0.298001] Initializing cgroup subsys net_prio
[    0.299949] Initializing cgroup subsys hugetlb
[    0.301765] Initializing cgroup subsys pids
[    0.304613] mce: CPU supports 0 MCE banks
[    0.307885] Last level iTLB entries: 4KB 64, 2MB 8, 4MB 8
[    0.310068] Last level dTLB entries: 4KB 64, 2MB 0, 4MB 0, 1GB 4
[    0.312099] Spectre V1 : Mitigation: usercopy/swapgs barriers and __user pointer sanitization
[    0.315512] Spectre V2 : Mitigation: Full generic retpoline
[    0.317166] Spectre V2 : Spectre v2 / SpectreRSB mitigation: Filling RSB on context switch
[    0.320773] Speculative Store Bypass: Vulnerable
[    0.324465] SRBDS: Unknown: Dependent on hypervisor status
[    0.327043] MDS: Mitigation: Clear CPU buffers
[    0.336538] Freeing SMP alternatives memory: 36K
[    0.379288] ftrace: allocating 32360 entries in 127 pages
[    0.501249] smpboot: APIC(0) Converting physical 0 to logical package 0
[    0.503652] smpboot: Max logical packages: 1
[    0.506758] x2apic enabled
[    0.508911] Switched APIC routing to physical x2apic.
[    0.512303] ..TIMER: vector=0x30 apic1=0 pin1=2 apic2=-1 pin2=-1
[    0.622859] smpboot: CPU0: Intel(R) Core(TM) i5-7200U CPU @ 2.50GHz (family: 0x6, model: 0x8e, stepping: 0x9)
[    0.628203] Performance Events: unsupported p6 CPU model 142 no PMU driver, software events only.
[    0.657794] KVM setup paravirtual spinlock
[    0.660835] x86: Booting SMP configuration:
[    0.662543] .... node  #0, CPUs:      #1
[    0.664007] kvm-clock: cpu 1, msr 0:3ffe3041, secondary cpu clock
[    0.667496] mce: CPU supports 0 MCE banks
[    0.672391] x86: Booted up 1 node, 2 CPUs
[    0.674426] smpboot: Total of 2 processors activated (10848.00 BogoMIPS)
[    0.677383] devtmpfs: initialized
[    0.680908] evm: security.selinux
[    0.681896] evm: security.SMACK64
[    0.682864] evm: security.SMACK64EXEC
[    0.683967] evm: security.SMACK64TRANSMUTE
[    0.685097] evm: security.SMACK64MMAP
[    0.686287] evm: security.ima
[    0.687165] evm: security.capability
[    0.688534] clocksource: jiffies: mask: 0xffffffff max_cycles: 0xffffffff, max_idle_ns: 7645041785100000 ns
[    0.691083] futex hash table entries: 512 (order: 3, 32768 bytes)
[    0.692743] pinctrl core: initialized pinctrl subsystem
[    0.694350] RTC time: 13:31:52, date: 01/07/21
[    0.695714] NET: Registered protocol family 16
[    0.709627] cpuidle: using governor ladder
[    0.721307] cpuidle: using governor menu
[    0.722667] PCCT header not found.
[    0.723951] ACPI: bus type PCI registered
[    0.725149] acpiphp: ACPI Hot Plug PCI Controller Driver version: 0.5
[    0.726848] PCI: Using configuration type 1 for base access
[    0.741403] ACPI: Added _OSI(Module Device)
[    0.742566] ACPI: Added _OSI(Processor Device)
[    0.743765] ACPI: Added _OSI(3.0 _SCP Extensions)
[    0.745001] ACPI: Added _OSI(Processor Aggregator Device)
[    0.747097] ACPI: Executed 1 blocks of module-level executable AML code
[    0.751442] ACPI: Interpreter enabled
[    0.752452] ACPI: (supports S0 S5)
[    0.753501] ACPI: Using IOAPIC for interrupt routing
[    0.754934] PCI: Using host bridge windows from ACPI; if necessary, use "pci=nocrs" and report a bug
[    0.761992] ACPI: PCI Root Bridge [PCI0] (domain 0000 [bus 00-ff])
[    0.763503] acpi PNP0A03:00: _OSC: OS supports [ASPM ClockPM Segments MSI]
[    0.765473] acpi PNP0A03:00: _OSC: not requesting OS control; OS requires [ExtendedConfig ASPM ClockPM MSI]
[    0.767909] acpi PNP0A03:00: fail to add MMCONFIG information, can't access extended PCI configuration space under this bridge.
[    0.771566] PCI host bridge to bus 0000:00
[    0.772732] pci_bus 0000:00: root bus resource [io  0x0000-0x0cf7 window]
[    0.774354] pci_bus 0000:00: root bus resource [io  0x0d00-0xffff window]
[    0.775934] pci_bus 0000:00: root bus resource [mem 0x000a0000-0x000bffff window]
[    0.778073] pci_bus 0000:00: root bus resource [mem 0x40000000-0xfdffffff window]
[    0.780839] pci_bus 0000:00: root bus resource [bus 00-ff]
[    0.785706] pci 0000:00:01.1: legacy IDE quirk: reg 0x10: [io  0x01f0-0x01f7]
[    0.787387] pci 0000:00:01.1: legacy IDE quirk: reg 0x14: [io  0x03f6]
[    0.789612] pci 0000:00:01.1: legacy IDE quirk: reg 0x18: [io  0x0170-0x0177]
[    0.808413] pci 0000:00:01.1: legacy IDE quirk: reg 0x1c: [io  0x0376]
[    0.835756] pci 0000:00:07.0: quirk: [io  0x4000-0x403f] claimed by PIIX4 ACPI
[    0.838036] pci 0000:00:07.0: quirk: [io  0x4100-0x410f] claimed by PIIX4 SMB
[    0.854160] ACPI: PCI Interrupt Link [LNKA] (IRQs 5 9 10 *11)
[    0.860378] ACPI: PCI Interrupt Link [LNKB] (IRQs 5 9 *10 11)
[    0.864548] ACPI: PCI Interrupt Link [LNKC] (IRQs 5 *9 10 11)
[    0.868322] ACPI: PCI Interrupt Link [LNKD] (IRQs 5 9 10 *11)
[    0.870819] ACPI: Enabled 2 GPEs in block 00 to 07
[    0.874053] vgaarb: setting as boot device: PCI:0000:00:02.0
[    0.876971] vgaarb: device added: PCI:0000:00:02.0,decodes=io+mem,owns=io+mem,locks=none
[    0.881949] vgaarb: loaded
[    0.882891] vgaarb: bridge control possible 0000:00:02.0
[    0.884826] SCSI subsystem initialized
[    0.886310] ACPI: bus type USB registered
[    0.887676] usbcore: registered new interface driver usbfs
[    0.891695] usbcore: registered new interface driver hub
[    0.895346] usbcore: registered new device driver usb
[    0.897589] PCI: Using ACPI for IRQ routing
[    0.902899] NetLabel: Initializing
[    0.904733] NetLabel:  domain hash size = 128
[    0.908671] NetLabel:  protocols = UNLABELED CIPSOv4
[    0.910919] NetLabel:  unlabeled traffic allowed by default
[    0.912832] amd_nb: Cannot enumerate AMD northbridges
[    0.914499] clocksource: Switched to clocksource kvm-clock
[    0.932183] AppArmor: AppArmor Filesystem Enabled
[    0.933770] pnp: PnP ACPI init
[    0.936554] pnp: PnP ACPI: found 3 devices
[    0.953490] clocksource: acpi_pm: mask: 0xffffff max_cycles: 0xffffff, max_idle_ns: 2085701024 ns
[    0.959432] NET: Registered protocol family 2
[    0.961516] TCP established hash table entries: 8192 (order: 4, 65536 bytes)
[    0.964036] TCP bind hash table entries: 8192 (order: 5, 131072 bytes)
[    0.967286] TCP: Hash tables configured (established 8192 bind 8192)
[    0.970089] UDP hash table entries: 512 (order: 2, 16384 bytes)
[    0.973935] UDP-Lite hash table entries: 512 (order: 2, 16384 bytes)
[    0.976752] NET: Registered protocol family 1
[    0.978652] pci 0000:00:00.0: Limiting direct PCI/PCI transfers
[    0.981334] pci 0000:00:01.0: Activating ISA DMA hang workarounds
[    0.984354] Unpacking initramfs...
[    1.396353] Freeing initrd memory: 14884K
[    1.402160] clocksource: tsc: mask: 0xffffffffffffffff max_cycles: 0x2717880cafa, max_idle_ns: 440795252614 ns
[    1.410531] platform rtc_cmos: registered platform RTC device (no PNP device found)
[    1.413785] Scanning for low memory corruption every 60 seconds
[    1.416855] audit: initializing netlink subsys (disabled)
[    1.419878] audit: type=2000 audit(1610026321.021:1): initialized
[    1.426130] Initialise system trusted keyring
[    1.428241] HugeTLB registered 2 MB page size, pre-allocated 0 pages
[    1.432501] zbud: loaded
[    1.435210] VFS: Disk quotas dquot_6.6.0
[    1.437222] VFS: Dquot-cache hash table entries: 512 (order 0, 4096 bytes)
[    1.442558] squashfs: version 4.0 (2009/01/31) Phillip Lougher
[    1.445302] fuse init (API version 7.23)
[    1.446980] Key type big_key registered
[    1.449292] Allocating IMA MOK and blacklist keyrings.
[    1.453928] Key type asymmetric registered
[    1.457968] Asymmetric key parser 'x509' registered
[    1.462276] Block layer SCSI generic (bsg) driver version 0.4 loaded (major 249)
[    1.466085] io scheduler noop registered
[    1.468370] io scheduler deadline registered (default)
[    1.470721] io scheduler cfq registered
[    1.473079] pci_hotplug: PCI Hot Plug PCI Core version: 0.5
[    1.475778] pciehp: PCI Express Hot Plug Controller Driver version: 0.4
[    1.478479] ACPI: AC Adapter [AC] (on-line)
[    1.480147] input: Power Button as /devices/LNXSYSTM:00/LNXPWRBN:00/input/input0
[    1.482963] ACPI: Power Button [PWRF]
[    1.485197] input: Sleep Button as /devices/LNXSYSTM:00/LNXSLPBN:00/input/input1
[    1.488736] ACPI: Sleep Button [SLPF]
[    1.493217] ACPI: Battery Slot [BAT0] (battery present)
[    1.495231] GHES: HEST is not enabled!
[    1.496805] Serial: 8250/16550 driver, 32 ports, IRQ sharing enabled
[    1.527850] 00:02: ttyS0 at I/O 0x3f8 (irq = 4, base_baud = 115200) is a 16550A
[    1.537038] Linux agpgart interface v0.103
[    1.579076] loop: module loaded
[    1.585308] scsi host0: ata_piix
[    1.586894] scsi host1: ata_piix
[    1.588599] ata1: PATA max UDMA/33 cmd 0x1f0 ctl 0x3f6 bmdma 0xd000 irq 14
[    1.592096] ata2: PATA max UDMA/33 cmd 0x170 ctl 0x376 bmdma 0xd008 irq 15
[    1.594637] libphy: Fixed MDIO Bus: probed
[    1.596234] tun: Universal TUN/TAP device driver, 1.6
[    1.598206] tun: (C) 1999-2004 Max Krasnyansky <maxk@qualcomm.com>
[    1.600304] PPP generic driver version 2.4.2
[    1.602790] ehci_hcd: USB 2.0 'Enhanced' Host Controller (EHCI) Driver
[    1.605838] ehci-pci: EHCI PCI platform driver
[    1.608196] ehci-platform: EHCI generic platform driver
[    1.610573] ohci_hcd: USB 1.1 'Open' Host Controller (OHCI) Driver
[    1.612567] ohci-pci: OHCI PCI platform driver
[    1.614920] ohci-platform: OHCI generic platform driver
[    1.617502] uhci_hcd: USB Universal Host Controller Interface driver
[    1.621277] i8042: PNP: PS/2 Controller [PNP0303:PS2K,PNP0f03:PS2M] at 0x60,0x64 irq 1,12
[    1.628115] serio: i8042 KBD port at 0x60,0x64 irq 1
[    1.629999] serio: i8042 AUX port at 0x60,0x64 irq 12
[    1.632090] mousedev: PS/2 mouse device common for all mice
[    1.636053] input: AT Translated Set 2 keyboard as /devices/platform/i8042/serio0/input/input2
[    1.640517] rtc_cmos rtc_cmos: rtc core: registered rtc_cmos as rtc0
[    1.643466] rtc_cmos rtc_cmos: alarms up to one day, 114 bytes nvram
[    1.645738] i2c /dev entries driver
[    1.647423] device-mapper: uevent: version 1.0.3
[    1.649374] device-mapper: ioctl: 4.34.0-ioctl (2015-10-28) initialised: dm-devel@redhat.com
[    1.653203] ledtrig-cpu: registered to indicate activity on CPUs
[    1.659380] NET: Registered protocol family 10
[    1.661703] NET: Registered protocol family 17
[    1.663485] Key type dns_resolver registered
[    1.665574] registered taskstats version 1
[    1.667333] Loading compiled-in X.509 certificates
[    1.671406] Loaded X.509 cert 'Build time autogenerated kernel key: 5a978b27f48525e60943fea4f7c8132006960a9d'
[    1.678874] zswap: loaded using pool lzo/zbud
[    1.684599] Key type trusted registered
[    1.694173] Key type encrypted registered
[    1.696070] AppArmor: AppArmor sha1 policy hashing enabled
[    1.697932] ima: No TPM chip found, activating TPM-bypass!
[    1.700208] ima: Allocated hash algorithm: sha1
[    1.702166] evm: HMAC attrs: 0x1
[    1.704315]   Magic number: 5:350:533
[    1.706699] tty ttyS13: hash matches
[    1.708767] rtc_cmos rtc_cmos: setting system clock to 2021-01-07 13:31:53 UTC (1610026313)
[    1.712699] BIOS EDD facility v0.16 2004-Jun-25, 0 devices found
[    1.715113] EDD information not available.
[    1.797526] Freeing unused kernel memory: 1492K
[    1.799463] Write protecting the kernel read-only data: 14336k
[    1.802104] Freeing unused kernel memory: 1588K
[    1.803502] Freeing unused kernel memory: 52K
Loading, please wait...
starting version 229
[    1.829231] random: systemd-udevd: uninitialized urandom read (16 bytes read, 5 bits of entropy available)
[    1.829755] random: udevadm: uninitialized urandom read (16 bytes read, 5 bits of entropy available)
[    1.829786] random: udevadm: uninitialized urandom read (16 bytes read, 5 bits of entropy available)
[    1.840070] random: systemd-udevd: uninitialized urandom read (16 bytes read, 5 bits of entropy available)
[    1.844131] random: udevadm: uninitialized urandom read (16 bytes read, 5 bits of entropy available)
[    1.844191] random: udevadm: uninitialized urandom read (16 bytes read, 5 bits of entropy available)
[    1.844423] random: udevadm: uninitialized urandom read (16 bytes read, 5 bits of entropy available)
[    1.844508] random: udevadm: uninitialized urandom read (16 bytes read, 5 bits of entropy available)
[    1.844636] random: udevadm: uninitialized urandom read (16 bytes read, 5 bits of entropy available)
[    1.844798] random: udevadm: uninitialized urandom read (16 bytes read, 5 bits of entropy available)
[    1.930154] e1000: Intel(R) PRO/1000 Network Driver - version 7.3.21-k8-NAPI
[    1.964452] e1000: Copyright (c) 1999-2006 Intel Corporation.
[    2.114232] Fusion MPT base driver 3.04.20
[    2.115749] Copyright (c) 1999-2008 LSI Corporation
[    2.128536] Fusion MPT SPI Host driver 3.04.20
[    2.183888] AVX2 version of gcm_enc/dec engaged.
[    2.187496] AES CTR mode by8 optimization enabled
[    2.383232] input: ImExPS/2 Generic Explorer Mouse as /devices/platform/i8042/serio1/input/input4
[    2.777252] e1000 0000:00:03.0 eth0: (PCI:33MHz:32-bit) 02:1c:00:a5:06:70
[    2.779672] e1000 0000:00:03.0 eth0: Intel(R) PRO/1000 Network Connection
[    2.784470] e1000 0000:00:03.0 enp0s3: renamed from eth0
[    2.786637] mptbase: ioc0: Initiating bringup
[    2.856366] ioc0: LSI53C1030 A0: Capabilities={Initiator}
[    3.024095] scsi host2: ioc0: LSI53C1030 A0, FwRev=00000000h, Ports=1, MaxQ=256, IRQ=20
[    3.140689] scsi 2:0:0:0: Direct-Access     VBOX     HARDDISK         1.0  PQ: 0 ANSI: 5
[    3.152716] scsi target2:0:0: Beginning Domain Validation
[    3.168961] scsi target2:0:0: Domain Validation skipping write tests
[    3.173151] scsi target2:0:0: Ending Domain Validation
[    3.178898] scsi target2:0:0: asynchronous
[    3.181806] scsi 2:0:1:0: Direct-Access     VBOX     HARDDISK         1.0  PQ: 0 ANSI: 5
[    3.186095] scsi target2:0:1: Beginning Domain Validation
[    3.193884] scsi target2:0:1: Domain Validation skipping write tests
[    3.226522] scsi target2:0:1: Ending Domain Validation
[    3.233746] scsi target2:0:1: asynchronous
[    3.252960] sd 2:0:0:0: Attached scsi generic sg0 type 0
[    3.252965] sd 2:0:0:0: [sda] 20971520 512-byte logical blocks: (10.7 GB/10.0 GiB)
[    3.253202] sd 2:0:0:0: [sda] Write Protect is off
[    3.253411] sd 2:0:0:0: [sda] Incomplete mode parameter data
[    3.253413] sd 2:0:0:0: [sda] Assuming drive cache: write through
[    3.265411] sd 2:0:1:0: [sdb] 20480 512-byte logical blocks: (10.5 MB/10.0 MiB)
[    3.265502] sd 2:0:1:0: Attached scsi generic sg1 type 0
[    3.271603] sd 2:0:1:0: [sdb] Write Protect is off
[    3.275423] sd 2:0:1:0: [sdb] Incomplete mode parameter data
[    3.278037] sd 2:0:1:0: [sdb] Assuming drive cache: write through
[    3.386304]  sda: sda1
[    3.388810] sd 2:0:0:0: [sda] Attached SCSI disk
[    3.612898] sd 2:0:1:0: [sdb] Attached SCSI disk
Begin: Loading essential drivers ... [    5.564777] md: linear personality registered for level -1
[    5.573486] md: multipath personality registered for level -4
[    5.578960] md: raid0 personality registered for level 0
[    5.585999] md: raid1 personality registered for level 1
[    5.658808] raid6: sse2x1   gen() 10084 MB/s
[    5.726691] raid6: sse2x1   xor()  7091 MB/s
[    5.794984] raid6: sse2x2   gen()  9753 MB/s
[    5.866693] raid6: sse2x2   xor()  7653 MB/s
[    5.934573] raid6: sse2x4   gen() 13838 MB/s
[    6.002914] raid6: sse2x4   xor()  8180 MB/s
[    6.070777] raid6: avx2x1   gen() 19382 MB/s
[    6.138628] raid6: avx2x2   gen() 23126 MB/s
[    6.207095] raid6: avx2x4   gen() 14069 MB/s
[    6.212914] raid6: using algorithm avx2x2 gen() 23126 MB/s
[    6.217196] raid6: using avx2x2 recovery algorithm
[    6.229289] xor: automatically using best checksumming function:
[    6.270510]    avx       : 19714.000 MB/sec
[    6.275256] async_tx: api initialized (async)
[    6.292196] md: raid6 personality registered for level 6
[    6.294319] md: raid5 personality registered for level 5
[    6.296328] md: raid4 personality registered for level 4
[    6.308907] md: raid10 personality registered for level 10
done.
Begin: Running /scripts/init-premount ... done.
Begin: Mounting root file system ... Begin: Running /scripts/local-top ... done.
Begin: Running /scripts/local-premount ... [    6.369874] Btrfs loaded
Scanning for Btrfs filesystems
done.
Warning: fsck not present, so skipping root file system
[    6.919002] EXT4-fs (sda1): mounted filesystem with ordered data mode. Opts: (null)
done.
Begin: Running /scripts/local-bottom ... done.
Begin: Running /scripts/init-bottom ... [    7.495208] random: nonblocking pool is initialized
done.
[   13.898956] systemd[1]: systemd 229 running in system mode. (+PAM +AUDIT +SELINUX +IMA +APPARMOR +SMACK +SYSVINIT +UTMP +LIBCRYPTSETUP +GCRYPT +GNUTLS +ACL +XZ -LZ4 +SECCOMP +BLKID +ELFUTILS +KMOD -IDN)
[   13.906191] systemd[1]: Detected virtualization oracle.
[   13.907676] systemd[1]: Detected architecture x86-64.

Welcome to [1mUbuntu 16.04.7 LTS[0m!

[   13.994939] systemd[1]: Set hostname to <ubuntu>.
[   14.078599] systemd[1]: Initializing machine ID from random generator.
[   14.080835] systemd[1]: Installed transient /etc/machine-id file.
[   17.229936] systemd[1]: Listening on Journal Socket.
[[0;32m  OK  [0m] Listening on Journal Socket.
[   17.233197] systemd[1]: Listening on Journal Audit Socket.
[[0;32m  OK  [0m] Listening on Journal Audit Socket.
[   17.235851] systemd[1]: Reached target Encrypted Volumes.
[[0;32m  OK  [0m] Reached target Encrypted Volumes.
[   17.238833] systemd[1]: Listening on udev Control Socket.
[[0;32m  OK  [0m] Listening on udev Control Socket.
[   17.241101] systemd[1]: Listening on udev Kernel Socket.
[[0;32m  OK  [0m] Listening on udev Kernel Socket.
[   17.243578] systemd[1]: Created slice System Slice.
[[0;32m  OK  [0m] Created slice System Slice.
[   17.254746] systemd[1]: Starting Set console keymap...
         Starting Set console keymap...
[   17.263590] systemd[1]: Starting Remount Root and Kernel File Systems...
         Starting Remount Root and Kernel File Systems...
[   17.266724] systemd[1]: Created slice system-serial\x2dgetty.slice.
[[0;32m  OK  [0m] Created slice system-serial\x2dgetty.slice.
[   17.269309] systemd[1]: Listening on Device-mapper event daemon FIFOs.
[[0;32m  OK  [0m] Listening on Device-mapper event daemon FIFOs.
[   17.272043] systemd[1]: Set up automount Arbitrary Executable File Formats File System Automount Point.
[[0;32m  OK  [0m] Set up automount Arbitrary Executab...ats File System Automount Point.
[   17.276314] systemd[1]: Created slice User and Session Slice.
[[0;32m  OK  [0m] Created slice User and Session Slice.
[   17.278570] systemd[1]: Reached target Slices.
[[0;32m  OK  [0m] Reached target Slices.
[   17.280935] systemd[1]: Listening on /dev/initctl Compatibility Named Pipe.
[[0;32m  OK  [0m] Listening on /dev/initctl Compatibility Named Pipe.
[   17.294782] systemd[1]: Starting Uncomplicated firewall...
         Starting Uncomplicated firewall...
[   17.303591] systemd[1]: Reached target Swap.
[[0;32m  OK  [0m] Reached target Swap.
[   17.311374] systemd[1]: Reached target User and Group Name Lookups.
[[0;32m  OK  [0m] Reached target User and Group Name Lookups.
[   17.396141] systemd[1]: Starting Load Kernel Modules...
         Starting Load Kernel Modules...
[   17.399434] systemd[1]: Started Forward Password Requests to Wall Directory Watch.
[[0;32m  OK  [0m] Started Forward Password Requests to Wall Directory Watch.
[   17.405137] systemd[1]: Listening on Journal Socket (/dev/log).
[[0;32m  OK  [0m] Listening on Journal Socket (/dev/log).
[   17.410586] systemd[1]: Mounting Huge Pages File System...
         Mounting Huge Pages File System...
[   17.414299] systemd[1]: Mounting POSIX Message Queue File System...
         Mounting POSIX Message Queue File System...
[   17.417933] systemd[1]: Listening on Syslog Socket.
[[0;32m  OK  [0m] Listening on Syslog Socket.
[   17.423934] systemd[1]: Mounting Debug File System...
         Mounting Debug File System...
[   17.432454] EXT4-fs (sda1): re-mounted. Opts: (null)
[   17.474681] systemd[1]: Starting Create list of required static device nodes for the current kernel...
         Starting Create list of required st... nodes for the current kernel...
[   17.478621] systemd[1]: Reached target System Time Synchronized.
[[0;32m  OK  [0m] Reached target System Time Synchronized.
[   17.482779] systemd[1]: Starting Journal Service...
         Starting Journal Service...
[   17.486140] systemd[1]: Starting Nameserver information manager...
         Starting Nameserver information manager...
[   17.490359] systemd[1]: Started Trigger resolvconf update for networkd DNS.
[[0;32m  OK  [0m] Started Trigger resolvconf update for networkd DNS.
[   17.493985] systemd[1]: Listening on LVM2 poll daemon socket.
[[0;32m  OK  [0m] Listening on LVM2 poll daemon socket.
[   17.496919] systemd[1]: Listening on LVM2 metadata daemon socket.
[[0;32m  OK  [0m] Listening on LVM2 metadata daemon socket.
[   17.500154] systemd[1]: Starting Monitoring of LVM2 mirrors, snapshots etc. using dmeventd or progress polling...
         Starting Monitoring of LVM2 mirrors... dmeventd or progress polling...
[   17.508254] systemd[1]: Mounted POSIX Message Queue File System.
[[0;32m  OK  [0m] Mounted POSIX Message Queue File System.
[   17.511092] systemd[1]: Mounted Huge Pages File System.
[[0;32m  OK  [0m] Mounted Huge Pages File System.
[   17.519630] systemd[1]: Mounted Debug File System.
[[0;32m  OK  [0m] Mounted Debug File System.
[   17.531268] systemd[1]: Started Remount Root and Kernel File Systems.
[[0;32m  OK  [0m] Started Remount Root and Kernel File Systems.
[   17.534830] systemd[1]: Started Uncomplicated firewall.
[[0;32m  OK  [0m] Started Uncomplicated firewall.
[   17.554929] systemd[1]: Starting Load/Save Random Seed...
         Starting Load/Save Random Seed...
[   17.674765] systemd[1]: Starting udev Coldplug all Devices...
         Starting udev Coldplug all Devices...
[   17.678453] systemd[1]: Started Create list of required static device nodes for the current kernel.
[[0;32m  OK  [0m] Started Create list of required sta...ce nodes for the current kernel.
[   17.688526] systemd[1]: Started Nameserver information manager.
[[0;32m  OK  [0m] Started Nameserver information manager.
[   17.700898] systemd[1]: Starting Create Static Device Nodes in /dev...
         Starting Create Static Device Nodes in /dev...
[   17.708591] Loading iSCSI transport class v2.0-870.
[   17.720790] systemd[1]: Started Set console keymap.
[[0;32m  OK  [0m] Started Set console keymap.
[   17.843226] systemd[1]: Started Load/Save Random Seed.
[[0;32m  OK  [0m] Started Load/Save Random Seed.
[   18.009098] systemd[1]: Started udev Coldplug all Devices.
[[0;32m  OK  [0m] Started udev Coldplug all Devices.
[   18.083325] iscsi: registered transport (tcp)
[   18.222617] systemd[1]: Started Journal Service.
[[0;32m  OK  [0m] Started Journal Service.
         Starting Flush Journal to Persistent Storage...
[[0;32m  OK  [0m] Started LVM2 metadata daemon.
[   18.729658] systemd-journald[400]: Received request to flush runtime journal from PID 1
[   18.746018] iscsi: registered transport (iser)
[[0;32m  OK  [0m] Started Load Kernel Modules.
         Mounting FUSE Control File System...
         Starting Apply Kernel Variables...
[[0;32m  OK  [0m] Mounted FUSE Control File System.
[[0;32m  OK  [0m] Started Flush Journal to Persistent Storage.
[[0;32m  OK  [0m] Started Monitoring of LVM2 mirrors,...ng dmeventd or progress polling.
[[0;32m  OK  [0m] Started Create Static Device Nodes in /dev.
[[0;32m  OK  [0m] Started Apply Kernel Variables.
         Starting udev Kernel Device Manager...
[[0;32m  OK  [0m] Reached target Local File Systems (Pre).
[[0;32m  OK  [0m] Reached target Local File Systems.
         Starting Set console font and keymap...
         Starting Commit a transient machine-id on disk...
         Starting Tell Plymouth To Write Out Runtime Data...
         Starting Create Volatile Files and Directories...
         Starting Initial cloud-init job (pre-networking)...
         Starting LSB: AppArmor initialization...
[[0;32m  OK  [0m] Started Commit a transient machine-id on disk.
[[0;32m  OK  [0m] Started Create Volatile Files and Directories.
         Starting Update UTMP about System Boot/Shutdown...
[[0;32m  OK  [0m] Started Tell Plymouth To Write Out Runtime Data.
[[0;32m  OK  [0m] Started Update UTMP about System Boot/Shutdown.
[[0;32m  OK  [0m] Started udev Kernel Device Manager.
[[0;32m  OK  [0m] Started Dispatch Password Requests to Console Directory Watch.
[[0;32m  OK  [0m] Started Set console font and keymap.
[[0;32m  OK  [0m] Created slice system-getty.slice.
[[0;32m  OK  [0m] Found device /dev/ttyS0.
[[0;32m  OK  [0m] Listening on Load/Save RF Kill Switch Status /dev/rfkill Watch.
[[0;32m  OK  [0m] Started LSB: AppArmor initialization.
         Starting Load AppArmor profiles managed internally by snapd...
[[0;32m  OK  [0m] Started Load AppArmor profiles managed internally by snapd.
[   32.333166] cloud-init[470]: Cloud-init v. 20.4-0ubuntu1~16.04.1 running 'init-local' at Thu, 07 Jan 2021 13:32:23 +0000. Up 31.04 seconds.
[[0;32m  OK  [0m] Started Initial cloud-init job (pre-networking).
[[0;32m  OK  [0m] Reached target Network (Pre).
         Starting Raise network interfaces...
[[0;32m  OK  [0m] Started Raise network interfaces.
         Starting Initial cloud-init job (metadata service crawler)...
[[0;32m  OK  [0m] Reached target Network.
[   37.749581] cloud-init[942]: Cloud-init v. 20.4-0ubuntu1~16.04.1 running 'init' at Thu, 07 Jan 2021 13:32:26 +0000. Up 34.39 seconds.
[   37.752521] cloud-init[942]: ci-info: ++++++++++++++++++++++++++++++++++++Net device info+++++++++++++++++++++++++++++++++++++
[   37.755064] cloud-init[942]: ci-info: +--------+------+-------------------------+---------------+--------+-------------------+
[   37.761133] cloud-init[942]: ci-info: | Device |  Up  |         Address         |      Mask     | Scope  |     Hw-Address    |
[   37.768462] cloud-init[942]: ci-info: +--------+------+-------------------------+---------------+--------+-------------------+
[   37.771168] cloud-init[942]: ci-info: | enp0s3 | True |        10.0.2.15        | 255.255.255.0 | global | 02:1c:00:a5:06:70 |
[   37.776540] cloud-init[942]: ci-info: | enp0s3 | True | fe80::1c:ff:fea5:670/64 |       .       |  link  | 02:1c:00:a5:06:70 |
[   37.785642] cloud-init[942]: ci-info: |   lo   | True |        127.0.0.1        |   255.0.0.0   |  host  |         .         |
[   37.789055] cloud-init[942]: ci-info: |   lo   | True |         ::1/128         |       .       |  host  |         .         |
[   37.796594] cloud-init[942]: ci-info: +--------+------+-------------------------+---------------+--------+-------------------+
[   37.801194] cloud-init[942]: ci-info: +++++++++++++++++++++++++++Route IPv4 info++++++++++++++++++++++++++++
[   37.809029] cloud-init[942]: ci-info: +-------+-------------+----------+---------------+-----------+-------+
[   37.821578] cloud-init[942]: ci-info: | Route | Destination | Gateway  |    Genmask    | Interface | Flags |
[   37.823791] cloud-init[942]: ci-info: +-------+-------------+----------+---------------+-----------+-------+
[   37.825922] cloud-init[942]: ci-info: |   0   |   0.0.0.0   | 10.0.2.2 |    0.0.0.0    |   enp0s3  |   UG  |
[   37.828816] cloud-init[942]: ci-info: |   1   |   10.0.2.0  | 0.0.0.0  | 255.255.255.0 |   enp0s3  |   U   |
[   37.831408] cloud-init[942]: ci-info: +-------+-------------+----------+---------------+-----------+-------+
[   37.835032] cloud-init[942]: ci-info: +++++++++++++++++++Route IPv6 info+++++++++++++++++++
[   37.838619] cloud-init[942]: ci-info: +-------+-------------+---------+-----------+-------+
[   37.841472] cloud-init[942]: ci-info: | Route | Destination | Gateway | Interface | Flags |
[   37.843858] cloud-init[942]: ci-info: +-------+-------------+---------+-----------+-------+
[   37.846325] cloud-init[942]: ci-info: |   0   |  fe80::/64  |    ::   |   enp0s3  |   U   |
[   37.848424] cloud-init[942]: ci-info: |   3   |   ff00::/8  |    ::   |   enp0s3  |   U   |
[   37.850242] cloud-init[942]: ci-info: +-------+-------------+---------+-----------+-------+
[   37.852794] cloud-init[942]: Generating public/private rsa key pair.
[   37.855204] cloud-init[942]: Your identification has been saved in /etc/ssh/ssh_host_rsa_key.
[   37.865405] cloud-init[942]: Your public key has been saved in /etc/ssh/ssh_host_rsa_key.pub.
[   37.868770] cloud-init[942]: The key fingerprint is:
[   37.873981] cloud-init[942]: SHA256:L9TZvbQN5pQr+f6fydWlysr/NoKQYJIp+WMOo6VOSIM root@ubuntu-xenial
[   37.876673] cloud-init[942]: The key's randomart image is:
[   37.879049] cloud-init[942]: +---[RSA 2048]----+
[   37.880822] cloud-init[942]: |                 |
[[0;32m  OK  [0m] Started Initial cloud-init job (metadata service crawler).
[[0;32m  OK  [0m] Reached target System Initialization.
[   37.896297] cloud-init[942]: |                 |
[   37.899620] cloud-init[942]: |   . o           |
[   37.901252] cloud-init[942]: |. o + o  . o . . |
[   37.904056] cloud-init[942]: |Eo o o .S.o . B .|
[   37.905746] cloud-init[942]: |o = +  .o.   * Bo|
[   37.907416] cloud-init[942]: |.= = .  ....o * +|
[   37.909033] cloud-init[942]: |+   .    o...++ +|
[   37.910364] cloud-init[942]: |..        oo+=+*+|
[   37.912312] cloud-init[942]: +----[SHA256]-----+
[   37.914433] cloud-init[942]: Generating public/private dsa key pair.
[   37.917377] cloud-init[942]: Your identification has been saved in /etc/ssh/ssh_host_dsa_key.
[   37.920524] cloud-init[942]: Your public key has been saved in /etc/ssh/ssh_host_dsa_key.pub.
[   37.922502] cloud-init[942]: The key fingerprint is:
[   37.924077] cloud-init[942]: SHA256:q2brZD/TJ4JVKRcb3aIazx0r/i11LMgxUWtbPVxLOJ4 root@ubuntu-xenial
[   37.926203] cloud-init[942]: The key's randomart image is:
[   37.928158] cloud-init[942]: +---[DSA 1024]----+
[   37.929604] cloud-init[942]: |           . oo..|
[   37.931134] cloud-init[942]: |          o +o+.+|
[   37.932482] cloud-init[942]: |           *.o=+o|
[   37.933904] cloud-init[942]: |        o * +E o.|
[   37.935159] cloud-init[942]: |        SO o *.. |
[   37.936890] cloud-init[942]: |        o.+ = o o|
[   37.938191] cloud-init[942]: |      oo.o . . o |
[   37.939545] cloud-init[942]: |     o+o+ + o.   |
[   37.941006] cloud-init[942]: |     ++..+ +...  |
[   37.942280] cloud-init[942]: +----[SHA256]-----+
[   37.943624] cloud-init[942]: Generating public/private ecdsa key pair.
[   37.945321] cloud-init[942]: Your identification has been saved in /etc/ssh/ssh_host_ecdsa_key.
[   37.947491] cloud-init[942]: Your public key has been saved in /etc/ssh/ssh_host_ecdsa_key.pub.
[   37.950133] cloud-init[942]: The key fingerprint is:
[   37.951432] cloud-init[942]: SHA256:zmXbXGPmR1yucc5+SJQIwFrdM0g68qugGe8WEP8Qmgw root@ubuntu-xenial
[   37.953407] cloud-init[942]: The key's randomart image is:
[   37.955065] cloud-init[942]: +---[ECDSA 256]---+
[   37.956457] cloud-init[942]: |       ..+.o     |
[   37.957882] cloud-init[942]: |E . .   o.+ +    |
[   37.959250] cloud-init[942]: | o = ..oo  . + ..|
[   37.960751] cloud-init[942]: |  = o .o .  . oo.|
[   37.962116] cloud-init[942]: |   . o  S o  .* =|
[   37.963594] cloud-init[942]: |    . .o + + =.O |
[   37.964954] cloud-init[942]: |  . ..  + . o.o.+|
[   37.966389] cloud-init[942]: |   =.. .      .o.|
[   37.967807] cloud-init[942]: |  ooo .         o|
[   37.969064] cloud-init[942]: +----[SHA256]-----+
[   37.970508] cloud-init[942]: Generating public/private ed25519 key pair.
[   37.972030] cloud-init[942]: Your identification has been saved in /etc/ssh/ssh_host_ed25519_key.
[   37.974273] cloud-init[942]: Your public key has been saved in /etc/ssh/ssh_host_ed25519_key.pub.
[   37.976440] cloud-init[942]: The key fingerprint is:
[   37.977601] cloud-init[942]: SHA256:L8GbETKD/kucW5mreutFOdSA/q9gHGF5Qsy/+K3+4yA root@ubuntu-xenial
[   37.979062] cloud-init[942]: The key's randomart image is:
[   37.980157] cloud-init[942]: +--[ED25519 256]--+
[   37.981177] cloud-init[942]: |     o...        |
[   37.982407] cloud-init[942]: |     o+. o       |
[   37.984100] cloud-init[942]: |    ..O.+ .      |
[   37.985631] cloud-init[942]: |   . ..X.o       |
[   37.987036] cloud-init[942]: |    . .oS.       |
[   37.988427] cloud-init[942]: |     +.+oX       |
[   37.989807] cloud-init[942]: |      E.Xo.      |
[   37.991153] cloud-init[942]: |     o.B.++      |
[   37.992494] cloud-init[942]: |    .+*+==o.     |
[   37.996821] cloud-init[942]: +----[SHA256]-----+
[[0;32m  OK  [0m] Started ACPI Events Check.
[[0;32m  OK  [0m] Reached target Paths.
         Starting Socket activation for snappy daemon.
[[0;32m  OK  [0m] Started Message of the Day.
[[0;32m  OK  [0m] Started Daily apt download activities.
[[0;32m  OK  [0m] Started Daily Cleanup of Temporary Directories.
         Starting LXD - unix socket.
[[0;32m  OK  [0m] Started Daily apt upgrade and clean activities.
[[0;32m  OK  [0m] Reached target Timers.
[[0;32m  OK  [0m] Listening on D-Bus System Message Bus Socket.
[[0;32m  OK  [0m] Listening on UUID daemon activation socket.
[[0;32m  OK  [0m] Listening on ACPID Listen Socket.
[[0;32m  OK  [0m] Reached target Network is Online.
         Starting iSCSI initiator daemon (iscsid)...
[[0;32m  OK  [0m] Reached target Cloud-config availability.
[[0;32m  OK  [0m] Listening on Socket activation for snappy daemon.
[[0;32m  OK  [0m] Listening on LXD - unix socket.
[[0;32m  OK  [0m] Reached target Sockets.
[[0;32m  OK  [0m] Reached target Basic System.
         Starting /etc/rc.local Compatibility...
         Starting System Logging Service...
         Starting Virtualbox guest utils...
         Starting Pollinate to seed the pseudo random number generator...
[[0;32m  OK  [0m] Started Deferred execution scheduler.
[[0;32m  OK  [0m] Started FUSE filesystem for LXC.
         Starting LSB: MD monitoring daemon...
[[0;32m  OK  [0m] Started Regular background program processing daemon.
         Starting LSB: Record successful boot for GRUB...
[[0;32m  OK  [0m] Started D-Bus System Message Bus.
         Starting LXD - container startup/shutdown...
[[0;32m  OK  [0m] Started ACPI event daemon.
         Starting Login Service...
         Starting Accounts Service...
         Starting Snap Daemon...
[[0;32m  OK  [0m] Started System Logging Service.
[[0;32m  OK  [0m] Started /etc/rc.local Compatibility.
[[0;32m  OK  [0m] Started iSCSI initiator daemon (iscsid).
         Starting Login to default iSCSI targets...
[[0;32m  OK  [0m] Started LSB: Record successful boot for GRUB.
[[0;32m  OK  [0m] Started Login Service.
[[0;32m  OK  [0m] Started Unattended Upgrades Shutdown.
[[0;32m  OK  [0m] Started LSB: MD monitoring daemon.
[[0;32m  OK  [0m] Started Login to default iSCSI targets.
[[0;32m  OK  [0m] Reached target Remote File Systems (Pre).
[[0;32m  OK  [0m] Reached target Remote File Systems.
         Starting LSB: automatic crash report generation...
         Starting Permit User Sessions...
         Starting LSB: daemon to balance interrupts for SMP systems...
         Starting LSB: Set the CPU Frequency Scaling governor to "ondemand"...
[[0;32m  OK  [0m] Started LSB: Set the CPU Frequency Scaling governor to "ondemand".
[[0;32m  OK  [0m] Started Permit User Sessions.
         Starting Hold until boot process finishes up...
         Starting Terminate Plymouth Boot Screen...
[[0;32m  OK  [0m] Started Hold until boot process finishes up.
[[0;32m  OK  [0m] Started Getty on tty1.
[[0;32m  OK  [0m] Started Serial Getty on ttyS0.
[[0;32m  OK  [0m] Reached target Login Prompts.
         Starting Set console scheme...
[[0;32m  OK  [0m] Started Terminate Plymouth Boot Screen.
[[0;32m  OK  [0m] Started Set console scheme.
[[0;32m  OK  [0m] Started LSB: daemon to balance interrupts for SMP systems.
[[0;32m  OK  [0m] Started LSB: automatic crash report generation.
[[0;32m  OK  [0m] Started Virtualbox guest utils.
         Starting Authenticate and Authorize Users to Run Privileged Tasks...
[[0;32m  OK  [0m] Started Authenticate and Authorize Users to Run Privileged Tasks.
[[0;32m  OK  [0m] Started Accounts Service.

Ubuntu 16.04.7 LTS ubuntu-xenial ttyS0

ubuntu-xenial login: [   77.413778] cloud-init[1486]: Generating locales (this might take a while)...
[   82.086906] cloud-init[1486]:   en_US.UTF-8... done
[   82.087935] cloud-init[1486]: Generation complete.
[   88.224247] cloud-init[1486]: Cloud-init v. 20.4-0ubuntu1~16.04.1 running 'modules:config' at Thu, 07 Jan 2021 13:33:07 +0000. Up 74.98 seconds.
ci-info: no authorized SSH keys fingerprints found for user ubuntu.
<14>Jan  7 13:33:21 ec2: 
<14>Jan  7 13:33:21 ec2: #############################################################
<14>Jan  7 13:33:21 ec2: -----BEGIN SSH HOST KEY FINGERPRINTS-----
<14>Jan  7 13:33:21 ec2: 1024 SHA256:q2brZD/TJ4JVKRcb3aIazx0r/i11LMgxUWtbPVxLOJ4 root@ubuntu-xenial (DSA)
<14>Jan  7 13:33:21 ec2: 256 SHA256:zmXbXGPmR1yucc5+SJQIwFrdM0g68qugGe8WEP8Qmgw root@ubuntu-xenial (ECDSA)
<14>Jan  7 13:33:21 ec2: 256 SHA256:L8GbETKD/kucW5mreutFOdSA/q9gHGF5Qsy/+K3+4yA root@ubuntu-xenial (ED25519)
<14>Jan  7 13:33:21 ec2: 2048 SHA256:L9TZvbQN5pQr+f6fydWlysr/NoKQYJIp+WMOo6VOSIM root@ubuntu-xenial (RSA)
<14>Jan  7 13:33:21 ec2: -----END SSH HOST KEY FINGERPRINTS-----
<14>Jan  7 13:33:21 ec2: #############################################################
-----BEGIN SSH HOST KEY KEYS-----
ecdsa-sha2-nistp256 AAAAE2VjZHNhLXNoYTItbmlzdHAyNTYAAAAIbmlzdHAyNTYAAABBBCFOaN3gqF7ORmXLEH0RSQGg+N2y16zwVEAwWHkzvg7sLlFoZn89Aacs+HoWMNpL5Zc9iLIuC9mM3fcalYVVQPw= root@ubuntu-xenial
ssh-ed25519 AAAAC3NzaC1lZDI1NTE5AAAAILVfCfLKIXmdkKUxru/lmnRZW5IlBeyAOiC2dHdE6WDo root@ubuntu-xenial
ssh-rsa AAAAB3NzaC1yc2EAAAADAQABAAABAQCX75jnd3Ikmt1hmg2zBagfUz+frS/MallS1WIQZi+PAEBtoXCVnINThbWYMiIp8BiPKU8kz6d7hvhSp5PLPJR8ywY9g9fVu+8/S3CcWymRRTNrLierBTbA3OXPZY8L8inwsG5s5ITQKpbPliPhOHv9Q3UMjAc4ykBQSyGlJ9AShkxLLJ6QW+04XpoGfuydEDtoii5tOjv1jxzE9viJZFnDj9jWvQtGsDmiSFkJwVD3AUxWMv1VZBqGvgnCqgrSEXHPs83/MtcRw3KrimMiCinFfyY5vw3Av6mAUhBLouEfReuxgN/NgYXsUo3e5Y/YD78r5W88AlMYqiIsUM7Q4Pbn root@ubuntu-xenial
-----END SSH HOST KEY KEYS-----
[   89.540082] cloud-init[1537]: Cloud-init v. 20.4-0ubuntu1~16.04.1 running 'modules:final' at Thu, 07 Jan 2021 13:33:20 +0000. Up 88.72 seconds.
[   89.540290] cloud-init[1537]: ci-info: no authorized SSH keys fingerprints found for user ubuntu.
[   89.541109] cloud-init[1537]: Cloud-init v. 20.4-0ubuntu1~16.04.1 finished at Thu, 07 Jan 2021 13:33:21 +0000. Datasource DataSourceNoCloud [seed=/dev/sdb][dsmode=net].  Up 89.52 seconds
